2026-09-30 07:09:38 watchdog ok: pid 21337 hidup
2026-10-01 19:54 WIB | exit 0 | python3 bot.py PID 1721 hidup | fail-streak 0 | no action
2026-10-01 19:59 WIB | exit 0 | python3 bot.py PID 1721 hidup | fail-streak 0 | no action
2026-10-02 04:09 WIB | exit 0 | python3 bot.py PID 1672 hidup | fail-streak 0 | no action
2026-10-02 08:19 WIB | exit 0 | python3 bot.py PID 1765 hidup | fail-streak 0 | no action
2026-10-02 12:34 WIB | exit 0 | python3 bot.py PID 1777 hidup | fail-streak 0 | no action
18:29:xx | watchdog OK, bot.py hidup (PID 1699)
2026-10-03 22:24 WIB | watchdog OK (exit 0), python3 bot.py hidup (PID 1780), fail-streak 0
2026-10-03 15:39 WIB | watchdog OK (exit 0), python3 bot.py hidup (PID 1780), fail-streak 0
2026-10-04 07:49 WIB | watchdog OK (exit 0), python3 bot.py hidup (PID 1709), fail-streak 0
2026-10-04 14:34 WIB | watchdog OK (exit 0), python3 bot.py hidup (PID 1835), fail-streak 0
2026-10-04 15:59 WIB | watchdog OK (exit 0), python3 bot.py hidup (PID 1720), fail-streak 0
2026-10-04 10:24:46 UTC | watchdog OK (exit 0), python3 bot.py hidup (PID 1759), fail-streak 0
2026-10-04 19:39 WIB | watchdog OK (exit 0), python3 bot.py hidup (PID 1759), fail-streak 0
2026-10-04 20:09 WIB | watchdog OK (exit 0), python3 bot.py hidup (PID 1759), fail-streak 0
2026-10-05 00:04 WIB | watchdog OK (exit 0), python3 bot.py hidup (PID 1759), fail-streak 0
2026-10-05 01:49 WIB | watchdog OK (exit 0), python3 bot.py hidup (PID 1651), fail-streak 0
2026-10-05 03:19 WIB | watchdog OK (exit 0), python3 bot.py hidup (PID 1692), fail-streak 0
2026-10-05 03:49 WIB | watchdog OK (exit 0), python3 bot.py hidup (PID 1692), fail-streak 0
2026-10-05 10:19 WIB | watchdog OK (exit 0), python3 bot.py hidup (PID 1649), fail-streak 0
2026-10-05 11:59 WIB | watchdog OK (exit 0), python3 bot.py hidup (PID 1649), fail-streak 0
2026-10-05 14:24 WIB | watchdog OK (exit 0), python3 bot.py hidup (PID 1771), fail-streak 0
2026-10-05 08:29 WIB | watchdog OK (exit 0), python3 bot.py hidup (PID 10145), fail-streak 0
